default /OpenStep/FoundationKit/Classes/pic_browser.html
rect /OpenStep/FoundationKit/Classes/NSArray.html 79,1 148,21 
rect /OpenStep/FoundationKit/Classes/NSMutableArray.html 219,1 343,24 
rect /OpenStep/FoundationKit/Classes/NSAssertionHandler.html 81,23 206,46 
rect /OpenStep/FoundationKit/Classes/NSAutoreleasePool.html 81,49 202,72 
rect /OpenStep/FoundationKit/Classes/NSBTreeBlock.html 80,73 176,96 
rect /OpenStep/FoundationKit/Classes/NSBTreeCursor.html 82,98 187,121 
rect /OpenStep/FoundationKit/Classes/NSBundle.html 83,123 161,145 
rect /OpenStep/FoundationKit/Classes/NSByteStore.html 84,147 175,170 
rect /OpenStep/FoundationKit/Classes/NSByteStoreFile.html 225,144 341,171 
rect /OpenStep/FoundationKit/Classes/NSObject.html 1,337 68,379 
rect /OpenStep/FoundationKit/Classes/NSCharacterSet.html 84,173 193,196 
rect /OpenStep/FoundationKit/Classes/NSCoder.html 81,199 147,220 
rect /OpenStep/FoundationKit/Classes/NSMutableCharacterSet.html 226,173 373,196 
rect /OpenStep/FoundationKit/Classes/NSArchiver.html 226,197 313,221 
rect /OpenStep/FoundationKit/Classes/NSUnarchiver.html 226,223 323,249 
rect /OpenStep/FoundationKit/Classes/NSConditionLock.html 81,222 191,247 
rect /OpenStep/FoundationKit/Classes/NSConnection.html 78,249 175,271 
rect /OpenStep/FoundationKit/Classes/NSData.html 79,275 150,296 
rect /OpenStep/FoundationKit/Classes/NSMutableData.html 225,274 328,295 
rect /OpenStep/FoundationKit/Classes/NSDate.html 79,299 149,320 
rect /OpenStep/FoundationKit/Classes/NSCalendarDate.html 223,298 336,322 
rect /OpenStep/FoundationKit/Classes/NSMutableDictionary.html 226,349 367,376 
rect /OpenStep/FoundationKit/Classes/NSDeserializer.html 80,324 176,344 
rect /OpenStep/FoundationKit/Classes/NSDictionary.html 80,348 177,371 
rect /OpenStep/FoundationKit/Classes/NSEnumerator.html 80,374 185,398 
rect /OpenStep/FoundationKit/Classes/NSException.html 81,401 167,420 
rect /OpenStep/FoundationKit/Classes/NSInvocation.html 81,426 175,449 
rect /OpenStep/FoundationKit/Classes/NSLock.html 80,451 150,472 
rect /OpenStep/FoundationKit/Classes/NSMethodSignature.html 82,476 209,498 
rect /OpenStep/FoundationKit/Classes/NSNotification.html 85,501 173,520 
rect /OpenStep/FoundationKit/Classes/NSProxy.html 358,508 432,533 
rect /OpenStep/FoundationKit/Classes/NSDistantObject.html 453,503 563,531 
rect /OpenStep/FoundationKit/Classes/NSNotificationCenter.html 83,525 218,544 
rect /OpenStep/FoundationKit/Classes/NSNotificationQueue.html 84,550 219,571 
rect /OpenStep/FoundationKit/Classes/NSProcessInfo.html 83,575 182,595 
rect /OpenStep/FoundationKit/Classes/NSRecursiveLock.html 81,599 202,621 
rect /OpenStep/FoundationKit/Classes/NSRunLoop.html 83,625 166,645 
rect /OpenStep/FoundationKit/Classes/NSScanner.html 82,649 165,671 
rect /OpenStep/FoundationKit/Classes/NSSerializer.html 85,675 166,698 
rect /OpenStep/FoundationKit/Classes/NSSet.html 82,699 141,722 
rect /OpenStep/FoundationKit/Classes/NSMutableSet.html 225,697 323,720 
rect /OpenStep/FoundationKit/Classes/NSCountedSet.html 365,695 469,720 
rect /OpenStep/FoundationKit/Classes/NSString.html 83,725 147,745 
rect /OpenStep/FoundationKit/Classes/NSMutableString.html 225,726 337,744 
rect /OpenStep/FoundationKit/Classes/NSThread.html 81,751 159,771 
rect /OpenStep/FoundationKit/Classes/NSTimeZone.html 81,776 173,798 
rect /OpenStep/FoundationKit/Classes/NSTimeZoneDetail.html 226,772 348,795 
rect /OpenStep/FoundationKit/Classes/NSTimer.html 84,802 150,821 
rect /OpenStep/FoundationKit/Classes/NSUserDefaults.html 80,824 187,847 
rect /OpenStep/FoundationKit/Classes/NSValue.html 80,853 149,871 
rect /OpenStep/FoundationKit/Classes/NSNumber.html 229,849 306,871 
