default /OpenStep/ApplicationKit/Classes/pic_browser.html
rect /OpenStep/ApplicationKit/Classes/NSColor.html 84,37 142,56 
rect /OpenStep/ApplicationKit/Classes/NSColorList.html 83,72 164,99 
rect /OpenStep/ApplicationKit/Classes/NSColorPicker.html 84,109 172,135 
rect /OpenStep/ApplicationKit/Classes/NSCursor.html 81,146 155,173 
rect /OpenStep/ApplicationKit/Classes/NSDataLink.html 83,183 167,209 
rect /OpenStep/ApplicationKit/Classes/NSDataLinkManager.html 81,223 204,247 
rect /OpenStep/ApplicationKit/Classes/NSFont.html 81,295 145,323 
rect /OpenStep/ApplicationKit/Classes/NSFontManager.html 81,330 184,361 
rect /OpenStep/ApplicationKit/Classes/NSCell.html 85,1 135,25 
rect /OpenStep/ApplicationKit/Classes/NSEvent.html 82,255 150,289 
rect /OpenStep/ApplicationKit/Classes/NSObject.html 0,363 69,405 
rect /OpenStep/ApplicationKit/Classes/NSImage.html 81,370 166,400 
rect /OpenStep/ApplicationKit/Classes/NSImageRep.html 79,406 177,438 
rect /OpenStep/ApplicationKit/Classes/NSPasteboard.html 79,444 178,478 
rect /OpenStep/ApplicationKit/Classes/NSBitmapImageRep.html 227,321 363,353 
rect /OpenStep/ApplicationKit/Classes/NSCachedImageRep.html 228,354 363,378 
rect /OpenStep/ApplicationKit/Classes/NSCustomImageRep.html 229,380 364,407 
rect /OpenStep/ApplicationKit/Classes/NSEPSImageRep.html 228,410 367,438 
rect /OpenStep/ApplicationKit/Classes/NSActionCell.html 232,0 323,23 
rect /OpenStep/ApplicationKit/Classes/NSBrowserCell.html 233,25 334,55 
rect /OpenStep/ApplicationKit/Classes/NSButtonCell.html 360,0 454,0 
rect /OpenStep/ApplicationKit/Classes/NSFormCell.html 360,24 456,50 
rect /OpenStep/ApplicationKit/Classes/NSSliderCell.html 361,51 455,79 
rect /OpenStep/ApplicationKit/Classes/NSTextFieldCell.html 362,81 464,108 
rect /OpenStep/ApplicationKit/Classes/NSMenuCell.html 464,0 552,25 
rect /OpenStep/ApplicationKit/Classes/NSPrintInfo.html 79,482 174,512 
rect /OpenStep/ApplicationKit/Classes/NSPrintOperation.html 80,517 194,550 
rect /OpenStep/ApplicationKit/Classes/NSPrinter.html 82,555 161,588 
rect /OpenStep/ApplicationKit/Classes/NSResponder.html 82,594 177,624 
rect /OpenStep/ApplicationKit/Classes/NSScreen.html 82,629 160,661 
rect /OpenStep/ApplicationKit/Classes/NSSelection.html 82,668 168,698 
rect /OpenStep/ApplicationKit/Classes/NSSpellChecker.html 82,703 185,736 
rect /OpenStep/ApplicationKit/Classes/NSSpellServer.html 83,742 186,773 
rect /OpenStep/ApplicationKit/Classes/NSWorkspace.html 81,781 189,809 
rect /OpenStep/ApplicationKit/Classes/NSApplication.html 229,537 328,567 
rect /OpenStep/ApplicationKit/Classes/NSView.html 230,592 325,626 
rect /OpenStep/ApplicationKit/Classes/NSWindow.html 229,648 327,681 
rect /OpenStep/ApplicationKit/Classes/NSBox.html 360,449 426,479 
rect /OpenStep/ApplicationKit/Classes/NSClipView.html 361,482 444,509 
rect /OpenStep/ApplicationKit/Classes/NSControl.html 362,510 444,536 
rect /OpenStep/ApplicationKit/Classes/NSScrollView.html 363,538 452,565 
rect /OpenStep/ApplicationKit/Classes/NSSplitView.html 363,566 444,591 
rect /OpenStep/ApplicationKit/Classes/NSText.html 362,594 429,623 
rect /OpenStep/ApplicationKit/Classes/NSBrowser.html 463,395 547,425 
rect /OpenStep/ApplicationKit/Classes/NSButton.html 463,427 544,452 
rect /OpenStep/ApplicationKit/Classes/NSColorWell.html 463,456 556,480 
rect /OpenStep/ApplicationKit/Classes/NSMatrix.html 463,483 540,508 
rect /OpenStep/ApplicationKit/Classes/NSScroller.html 464,510 548,537 
rect /OpenStep/ApplicationKit/Classes/NSSlider.html 466,539 540,563 
rect /OpenStep/ApplicationKit/Classes/NSTextField.html 467,566 548,593 
rect /OpenStep/ApplicationKit/Classes/NSCStringText.html 466,594 569,626 
rect /OpenStep/ApplicationKit/Classes/NSPopUpButton.html 579,420 676,456 
rect /OpenStep/ApplicationKit/Classes/NSForm.html 577,480 643,512 
rect /OpenStep/ApplicationKit/Classes/NSPanel.html 359,647 437,682 
rect /OpenStep/ApplicationKit/Classes/NSColorPanel.html 460,647 576,677 
rect /OpenStep/ApplicationKit/Classes/NSDataLinkPanel.html 461,679 577,707 
rect /OpenStep/ApplicationKit/Classes/NSFontPanel.html 462,709 570,733 
rect /OpenStep/ApplicationKit/Classes/NSHelpPanel.html 462,736 564,764 
rect /OpenStep/ApplicationKit/Classes/NSMenu.html 462,766 557,789 
rect /OpenStep/ApplicationKit/Classes/NSPageLayout.html 462,791 568,819 
rect /OpenStep/ApplicationKit/Classes/NSPrintPanel.html 462,821 565,845 
rect /OpenStep/ApplicationKit/Classes/NSSavePanel.html 463,848 557,873 
rect /OpenStep/ApplicationKit/Classes/NSOpenPanel.html 577,847 670,873 
